node.exe : npm warn Unknown project config "strict-peer-dependencies". This will stop working in the next major version of npm.
At line:1 char:1
+ & "C:\Program Files\nodejs/node.exe" "C:\Program Files\nodejs/node_mo ...
+ ~~~~~~~~~~~~~~~~~~~~~~~~~~~~~~~~~~~~~~~~~~~~~~~~~~~~~~~~~~~~~~~~~~~~~
    + CategoryInfo          : NotSpecified: (npm warn Unknow...version of npm.:String) [], RemoteException
    + FullyQualifiedErrorId : NativeCommandError
 
npm warn Unknown project config "public-hoist-pattern". This will stop working in the next major version of npm.
npm warn Unknown project config "auto-install-peers". This will stop working in the next major version of npm.

> vms-next@0.1.0 build
> next build --webpack

⨯ Unable to acquire lock at D:\emeraldcash_vms_next\.next\lock, is another instance of next build running?
  Suggestion: If you intended to restart next build, terminate the other process, and then try again.
